// Jest Snapshot v1, https://goo.gl/fbAQLP

exports[`RouteItem Component Snapshot renders the UI as expected 1`] = `
<div>
  <p>
    Error.
  </p>
</div>
`;
