// Jest Snapshot v1, https://goo.gl/fbAQLP

exports[`Footer Component Snapshot renders the UI as expected 1`] = `
<div
  className="footer"
>
  <h1>
    ★★★
  </h1>
</div>
`;
